// Jest Snapshot v1, https://goo.gl/fbAQLP

exports[`NewsContainer should match the snapshot with all data passed in correctly 1`] = `
<section
  className="newsContainer"
>
  <NewsArticle
    key="1580346982113-undefined"
  />
  <NewsArticle
    key="1580346982113-undefined"
  />
</section>
`;
